2022-09-28 08:51:28,902 : DEBUG : Start of the program
2022-09-28 08:51:28,902 : INFO : second:Doing something
2022-09-28 08:51:28,902 : WARNING : Dying now
